2026-09-27T18:37:24+00:00
+--------------------------------------------------------------------------------------------------------+
| npu-smi 26.0.rc1                                 Version: 26.0.rc1                                     |
+-------------------------------+-----------------+------------------------------------------------------+
| NPU     Name                  | Health          | Power(W)     Temp(C)           Hugepages-Usage(page) |
| Chip    Device                | Bus-Id          | AICore(%)    Memory-Usage(MB)                        |
+===============================+=================+======================================================+
| 8217    310P3                 | OK              | NA           61                0     / 0             |
| 0       0                     | 0000:21:00.0    | 0            1745 / 47302                            |
+-------------------------------+-----------------+------------------------------------------------------+
| 8217    310P3                 | OK              | NA           60                0     / 0             |
| 1       1                     | 0000:21:00.0    | 0            1200 / 46717                            |
+===============================+=================+======================================================+
| 16409   310P3                 | OK              | NA           63                0     / 0             |
| 0       2                     | 0000:48:00.0    | 0            1959 / 47302                            |
+-------------------------------+-----------------+------------------------------------------------------+
| 16409   310P3                 | OK              | NA           62                0     / 0             |
| 1       3                     | 0000:48:00.0    | 0            986  / 46717                            |
+===============================+=================+======================================================+
+-------------------------------+-----------------+------------------------------------------------------+
| NPU     Chip                  | Process id      | Process name             | Process memory(MB)        |
+===============================+=================+======================================================+
| No running processes found in NPU 8217                                                                 |
+===============================+=================+======================================================+
| No running processes found in NPU 16409                                                                |
+===============================+=================+======================================================+
State Recv-Q Send-Q Local Address:Port Peer Address:Port
