ruff check..................................................................Passed
ruff format.................................................................Passed
codespell...................................................................Passed
typos.......................................................................Passed
clang-format............................................(no files to check)Skipped
markdownlint................................................................Passed
Lint GitHub Actions workflow files......................(no files to check)Skipped
Gitleaks Secret Scan(Local Binary)..........................................Passed
Lint shell scripts......................................(no files to check)Skipped
Lint PNG exports from excalidraw........................(no files to check)Skipped
Check for spaces in all filenames...........................................Passed
Enforce __init__.py in Python packages......................................Passed
Forbid init_logger(__name__) in vllm_ascend modules.........................Passed
Check for forbidden imports.................................................Passed
Check for boolean ops in with-statements....................................Passed
Check that new functions over 100 lines have comments.......................Passed
Check symbolic shapes in meta kernels.......................................Failed
- hook id: check-symbolic-meta
- exit code: 1

Meta kernels should preserve symbolic shapes.
Use sym_size/sym_sizes and empty_symint(c10::SymDimVector{...}, ...) for tensor-derived output shapes.
If concrete shape use is required, add `symbolic-meta-ok:` with a reason.

  csrc/torch_binding_meta.cpp:655: uses `empty_symint({`; use empty_symint(c10::SymDimVector{...}, ...) to avoid shape type ambiguity

Suggestion..................................................................Passed
- hook id: suggestion
- duration: 0s

To bypass pre-commit hooks, add --no-verify to git commit.
